C51 COMPILER V9.60.0.0   LCD                                                               01/06/2022 11:24:02 PAGE 1   


C51 COMPILER V9.60.0.0, COMPILATION OF MODULE LCD
OBJECT MODULE PLACED IN .\Objects\LCD.obj
COMPILER INVOKED BY: C:\Keil_v5\C51\BIN\C51.EXE LCD.c OPTIMIZE(8,SPEED) BROWSE DEBUG OBJECTEXTEND PRINT(.\Listings\LCD.l
                    -st) TABS(2) OBJECT(.\Objects\LCD.obj)

line level    source

   1          #include<reg51.h>
   2          
   3          /********************************************* LCD control signals declaration ***************************
             -************************/
   4           
   5          sbit RS = P0^0;     //
   6          sbit RW = P0^1;  // Read/write line
   7          sbit Enable = P0^2; // Enable line
   8          #define LCD_PORT P2 // define port
   9           
  10          /********************************************* LCD function prototypes ***********************************
             -*************/
  11          void send_cmd(unsigned char);
  12          void send_char(unsigned char);
  13          void LCD_init(void);
  14          void delayms(unsigned int);
  15          /********************************************* Main Funciton declaration *********************************
             -**************/
  16          void main()
  17          {
  18   1      
  19   1      LCD_PORT = 0x00; // Make the port as output port
  20   1         
  21   1      LCD_init();            // LCD initialization
  22   1        
  23   1      // while(1)
  24   1       //{
  25   1        send_cmd(0x80);     // Force cursor to beginning of 1st line, if the number is 0x83 then force the curso
             -r to 53rd position
  26   1        delayms(100);    // Delay of 100millisec
  27   1        send_char('B');  // Send data 
  28   1        send_char('M');  // Send data 
  29   1        send_char('S');  // Send data 
  30   1        send_char('I');  // Send data 
  31   1        send_char('T');  // Send data 
  32   1        send_cmd(0xC0);     // Force cursor to beginning of 2nd line
  33   1         delayms(100);    // Delay of 100millisec
  34   1        send_char('V');  // Send data 
  35   1        send_char('I');  // Send data 
  36   1        send_char('R');  // Send data 
  37   1        send_char('T');  // Send data 
  38   1        send_char('U');  // Send data 
  39   1        send_char('A');  // Send data 
  40   1        send_char('L');  // Send data 
  41   1        send_char(' ');  // Send data 
  42   1        send_char('L');  // Send data 
  43   1        send_char('A');  // Send data 
  44   1        send_char('B');  // Send data                       
  45   1       //}
  46   1      }
  47           
  48           
  49          /********************************************* LCD Initialization Function declaration *******************
             -*************/
C51 COMPILER V9.60.0.0   LCD                                                               01/06/2022 11:24:02 PAGE 2   

  50           
  51          void LCD_init()
  52          {
  53   1       send_cmd(0x38);      // configuring LCD as 2 line 5x7 matrix
  54   1       send_cmd(0x0E);      // Display on, Cursor blinking
  55   1       send_cmd(0x01);      // Clear Display Screen
  56   1       send_cmd(0x06);      // Increment Cursor (Right side)
  57   1      }
  58           
  59          void send_char(unsigned char character)
  60          {
  61   1       LCD_PORT = character;
  62   1       RS = 1;    // Select Data Register
  63   1       RW = 0;    // write operation
  64   1       Enable = 1;      // High to Low pulse provided on the enable pin with nearly 1ms(>450ns)
  65   1       delayms(1);   // 1 millisec delay
  66   1       Enable = 0;
  67   1       delayms(10);   // 100 millisec delay
  68   1      }
  69           
  70           
  71          /*********************************************LCD Command Sending Function declaration********************
             -************/
  72           
  73          void send_cmd(unsigned char Command)
  74          {
  75   1       LCD_PORT = Command;
  76   1       RS = 0;      // Select Command Register
  77   1       RW = 0;    // write operation
  78   1       Enable = 1;      // High to Low pulse provided on the enable pin with nearly 1ms(>450ns)
  79   1       delayms(1);   // 1 millisec delay
  80   1       Enable = 0;
  81   1      }
  82           
  83          
  84           
  85          /******************************************* delayms Function declaration*********************************
             -**************/
  86          void delayms(unsigned int val)
  87          {
  88   1       unsigned int i,j;
  89   1         
  90   1       for(i=0;i<=val;i++)
  91   1       {
  92   2        for(j=0;j<=2;j++)  ;
  93   2        //_nop_();   // no operation produce 1us time delay
  94   2       }
  95   1        
  96   1      }


MODULE INFORMATION:   STATIC OVERLAYABLE
   CODE SIZE        =    196    ----
   CONSTANT SIZE    =   ----    ----
   XDATA SIZE       =   ----    ----
   PDATA SIZE       =   ----    ----
   DATA SIZE        =   ----    ----
   IDATA SIZE       =   ----    ----
   BIT SIZE         =   ----    ----
END OF MODULE INFORMATION.


C51 COMPILATION COMPLETE.  0 WARNING(S),  0 ERROR(S)
